321313q11111
test123455
